// Jest Snapshot v1, https://goo.gl/fbAQLP

exports[`displays the Cuisine List Container component correctly 1`] = `
<div
  className="py-8"
>
  <h2
    className="text-2xl text-grey p-6"
  >
    Find By Cuisine
  </h2>
  <div
    className="image-container text-grey flex flex-col items-center justify-center lg:flex-row xl:flex-row 2xl:flex-row"
  >
    <div
      className="w-60 h-60 bg-grey rounded-3xl text-black m-4"
    >
      image 1
    </div>
    <div
      className="w-60 h-60 bg-grey rounded-3xl text-black m-4"
    >
      image 2
    </div>
    <div
      className="w-60 h-60 bg-grey rounded-3xl text-black m-4"
    >
      image 3
    </div>
    <div
      className="w-60 h-60 bg-grey rounded-3xl text-black m-4"
    >
      image 4
    </div>
  </div>
</div>
`;
