// Jest Snapshot v1, https://goo.gl/fbAQLP

exports[`displays the user input correctly 1`] = `null`;
