// Jest Snapshot v1, https://goo.gl/fbAQLP

exports[`displays the App correctly 1`] = `
<div
  className="App container w-full lg:w-4/5 xl:w-3/4 2xl-w-3/4"
>
  <h1
    className="text-5xl text-grey py-6"
  >
    Rstrnt Findr-r
  </h1>
  <div
    className="py-8 flex flex-col lg:justify-around lg:flex-row xl:justify-around xl:flex-row 2xl:justify-around 2xl:flex-row items-center w-1/2 mx-auto"
  >
    <span
      className="text-grey"
    >
      Find restaurants near you:
    </span>
    <div
      className="rounded bg-white lg:w-1/2 xl:w-1/2 2xl:w-1/2 flex py-1 pr-1 pl-5 justify-between"
    >
      <input
        className="w-3/5 focus:outline-none"
        name="postcode"
        onChange={[Function]}
        placeholder="W13 3RH"
        type="text"
      />
      <button
        className="submit-button rounded py-2 px-8 bg-teal hover:bg-teal-hover active:bg-teal-click focus:outline-none"
        onClick={[Function]}
        type="button"
        value="Find"
      >
        Find
      </button>
    </div>
  </div>
  <div
    className="py-8"
  >
    <h2
      className="text-2xl text-grey p-6"
    >
      Find By Cuisine
    </h2>
    <div
      className="image-container text-grey flex flex-col items-center justify-center lg:flex-row xl:flex-row 2xl:flex-row"
    >
      <div
        className="w-60 h-60 bg-grey rounded-3xl text-black m-4"
      >
        image 1
      </div>
      <div
        className="w-60 h-60 bg-grey rounded-3xl text-black m-4"
      >
        image 2
      </div>
      <div
        className="w-60 h-60 bg-grey rounded-3xl text-black m-4"
      >
        image 3
      </div>
      <div
        className="w-60 h-60 bg-grey rounded-3xl text-black m-4"
      >
        image 4
      </div>
    </div>
  </div>
</div>
`;
