// Jest Snapshot v1, https://goo.gl/fbAQLP

exports[`displays the Search Form with the correct components 1`] = `
<div
  className="py-8 flex flex-col lg:justify-around lg:flex-row xl:justify-around xl:flex-row 2xl:justify-around 2xl:flex-row items-center w-1/2 mx-auto"
>
  <span
    className="text-grey"
  >
    Find restaurants near you:
  </span>
  <div
    className="rounded bg-white lg:w-1/2 xl:w-1/2 2xl:w-1/2 flex py-1 pr-1 pl-5 justify-between"
  >
    <input
      className="w-3/5 focus:outline-none"
      name="postcode"
      onChange={[Function]}
      placeholder="W13 3RH"
      type="text"
    />
    <button
      className="submit-button rounded py-2 px-8 bg-teal hover:bg-teal-hover active:bg-teal-click focus:outline-none"
      onClick={[Function]}
      type="button"
      value="Find"
    >
      Find
    </button>
  </div>
</div>
`;
