// Jest Snapshot v1, https://goo.gl/fbAQLP

exports[`displays the details of a single restaurant correctly 1`] = `
Array [
  <div
    className="pb-16"
  >
    <a
      className="text-grey"
      href="/searchresults"
      onClick={[Function]}
    >
      &lt;&lt; Back to see all restaurants for W13 3RH
    </a>
  </div>,
  <h2
    className="restaurant-name text-white text-4xl"
  >
    Apsley Chinese
  </h2>,
  <div
    className="flex mx-auto w-full h-80 py-8 overflow-hidden relative justify-center content-center lg:w-2/3 xl:w-2/3 2xl:w-2/3 "
  >
    <img
      alt="Apsley Chinese"
      className="w-full h-auto block object-cover"
      src="https://s3-media2.fl.yelpcdn.com/bphoto/Bi7qfNYABueKOvQZsdhF3g/o.jpg"
    />
  </div>,
  <div
    className="pb-4"
  >
    <div
      className="restaurant-tag"
    >
      <span
        className="text-grey"
      >
        Fast Food
      </span>
    </div>
  </div>,
  <h2
    className=" restaurant-price text-grey"
  >
    No price rating available
  </h2>,
  <div
    className="py-8"
  >
    <div
      className="mx-auto"
    />
  </div>,
  <h3
    className="text-grey text-xl"
  >
    Overall Rating
  </h3>,
  <div
    className="restaurant-rating"
  >
    <svg
      aria-hidden="true"
      className="svg-inline--fa fa-star fa-w-18 fa-lg "
      color="gold"
      data-icon="star"
      data-prefix="fas"
      focusable="false"
      role="img"
      style={Object {}}
      viewBox="0 0 576 512"
      xmlns="http://www.w3.org/2000/svg"
    >
      <path
        d="M259.3 17.8L194 150.2 47.9 171.5c-26.2 3.8-36.7 36.1-17.7 54.6l105.7 103-25 145.5c-4.5 26.3 23.2 46 46.4 33.7L288 439.6l130.7 68.7c23.2 12.2 50.9-7.4 46.4-33.7l-25-145.5 105.7-103c19-18.5 8.5-50.8-17.7-54.6L382 150.2 316.7 17.8c-11.7-23.6-45.6-23.9-57.4 0z"
        fill="currentColor"
        style={Object {}}
      />
    </svg>
    <svg
      aria-hidden="true"
      className="svg-inline--fa fa-star fa-w-18 fa-lg "
      color="gold"
      data-icon="star"
      data-prefix="fas"
      focusable="false"
      role="img"
      style={Object {}}
      viewBox="0 0 576 512"
      xmlns="http://www.w3.org/2000/svg"
    >
      <path
        d="M259.3 17.8L194 150.2 47.9 171.5c-26.2 3.8-36.7 36.1-17.7 54.6l105.7 103-25 145.5c-4.5 26.3 23.2 46 46.4 33.7L288 439.6l130.7 68.7c23.2 12.2 50.9-7.4 46.4-33.7l-25-145.5 105.7-103c19-18.5 8.5-50.8-17.7-54.6L382 150.2 316.7 17.8c-11.7-23.6-45.6-23.9-57.4 0z"
        fill="currentColor"
        style={Object {}}
      />
    </svg>
    <svg
      aria-hidden="true"
      className="svg-inline--fa fa-star fa-w-18 fa-lg "
      color="gold"
      data-icon="star"
      data-prefix="fas"
      focusable="false"
      role="img"
      style={Object {}}
      viewBox="0 0 576 512"
      xmlns="http://www.w3.org/2000/svg"
    >
      <path
        d="M259.3 17.8L194 150.2 47.9 171.5c-26.2 3.8-36.7 36.1-17.7 54.6l105.7 103-25 145.5c-4.5 26.3 23.2 46 46.4 33.7L288 439.6l130.7 68.7c23.2 12.2 50.9-7.4 46.4-33.7l-25-145.5 105.7-103c19-18.5 8.5-50.8-17.7-54.6L382 150.2 316.7 17.8c-11.7-23.6-45.6-23.9-57.4 0z"
        fill="currentColor"
        style={Object {}}
      />
    </svg>
    <svg
      aria-hidden="true"
      className="svg-inline--fa fa-star fa-w-18 fa-lg "
      color="gold"
      data-icon="star"
      data-prefix="fas"
      focusable="false"
      role="img"
      style={Object {}}
      viewBox="0 0 576 512"
      xmlns="http://www.w3.org/2000/svg"
    >
      <path
        d="M259.3 17.8L194 150.2 47.9 171.5c-26.2 3.8-36.7 36.1-17.7 54.6l105.7 103-25 145.5c-4.5 26.3 23.2 46 46.4 33.7L288 439.6l130.7 68.7c23.2 12.2 50.9-7.4 46.4-33.7l-25-145.5 105.7-103c19-18.5 8.5-50.8-17.7-54.6L382 150.2 316.7 17.8c-11.7-23.6-45.6-23.9-57.4 0z"
        fill="currentColor"
        style={Object {}}
      />
    </svg>
    <svg
      aria-hidden="true"
      className="svg-inline--fa fa-star fa-w-18 fa-lg "
      color="gold"
      data-icon="star"
      data-prefix="fas"
      focusable="false"
      role="img"
      style={Object {}}
      viewBox="0 0 576 512"
      xmlns="http://www.w3.org/2000/svg"
    >
      <path
        d="M259.3 17.8L194 150.2 47.9 171.5c-26.2 3.8-36.7 36.1-17.7 54.6l105.7 103-25 145.5c-4.5 26.3 23.2 46 46.4 33.7L288 439.6l130.7 68.7c23.2 12.2 50.9-7.4 46.4-33.7l-25-145.5 105.7-103c19-18.5 8.5-50.8-17.7-54.6L382 150.2 316.7 17.8c-11.7-23.6-45.6-23.9-57.4 0z"
        fill="currentColor"
        style={Object {}}
      />
    </svg>
  </div>,
  <div>
    <div
      className="text-grey w-full mx-auto py-4 lg:w-1/2 xl:w-1/2 2xl:w-1/2"
    >
      <div
        className="flex justify-between"
      >
        <svg
          aria-hidden="true"
          className="svg-inline--fa fa-quote-left fa-w-16 fa-lg "
          color="light-grey"
          data-icon="quote-left"
          data-prefix="fas"
          focusable="false"
          role="img"
          style={Object {}}
          viewBox="0 0 512 512"
          xmlns="http://www.w3.org/2000/svg"
        >
          <path
            d="M464 256h-80v-64c0-35.3 28.7-64 64-64h8c13.3 0 24-10.7 24-24V56c0-13.3-10.7-24-24-24h-8c-88.4 0-160 71.6-160 160v240c0 26.5 21.5 48 48 48h128c26.5 0 48-21.5 48-48V304c0-26.5-21.5-48-48-48zm-288 0H96v-64c0-35.3 28.7-64 64-64h8c13.3 0 24-10.7 24-24V56c0-13.3-10.7-24-24-24h-8C71.6 32 0 103.6 0 192v240c0 26.5 21.5 48 48 48h128c26.5 0 48-21.5 48-48V304c0-26.5-21.5-48-48-48z"
            fill="currentColor"
            style={Object {}}
          />
        </svg>
        <svg
          aria-hidden="true"
          className="svg-inline--fa fa-quote-right fa-w-16 fa-lg "
          color="light-grey"
          data-icon="quote-right"
          data-prefix="fas"
          focusable="false"
          role="img"
          style={Object {}}
          viewBox="0 0 512 512"
          xmlns="http://www.w3.org/2000/svg"
        >
          <path
            d="M464 32H336c-26.5 0-48 21.5-48 48v128c0 26.5 21.5 48 48 48h80v64c0 35.3-28.7 64-64 64h-8c-13.3 0-24 10.7-24 24v48c0 13.3 10.7 24 24 24h8c88.4 0 160-71.6 160-160V80c0-26.5-21.5-48-48-48zm-288 0H48C21.5 32 0 53.5 0 80v128c0 26.5 21.5 48 48 48h80v64c0 35.3-28.7 64-64 64h-8c-13.3 0-24 10.7-24 24v48c0 13.3 10.7 24 24 24h8c88.4 0 160-71.6 160-160V80c0-26.5-21.5-48-48-48z"
            fill="currentColor"
            style={Object {}}
          />
        </svg>
      </div>
      <div
        className="w-4/5 mx-auto"
      >
        <p
          className="text-grey text-xl text-center font-bold"
        >
          Yummmmmmeeeee!
Full sized ribs!
Tasty Singapore noodles.  
Perfectly cooked chicken balls.
Tasty curry sauce. 
Spot on chow mien.
        </p>
        <div
          className="flex flex-col items-end"
        >
          <div
            className="restaurant-rating"
          >
            <svg
              aria-hidden="true"
              className="svg-inline--fa fa-star fa-w-18 fa-lg "
              color="gold"
              data-icon="star"
              data-prefix="fas"
              focusable="false"
              role="img"
              style={Object {}}
              viewBox="0 0 576 512"
              xmlns="http://www.w3.org/2000/svg"
            >
              <path
                d="M259.3 17.8L194 150.2 47.9 171.5c-26.2 3.8-36.7 36.1-17.7 54.6l105.7 103-25 145.5c-4.5 26.3 23.2 46 46.4 33.7L288 439.6l130.7 68.7c23.2 12.2 50.9-7.4 46.4-33.7l-25-145.5 105.7-103c19-18.5 8.5-50.8-17.7-54.6L382 150.2 316.7 17.8c-11.7-23.6-45.6-23.9-57.4 0z"
                fill="currentColor"
                style={Object {}}
              />
            </svg>
            <svg
              aria-hidden="true"
              className="svg-inline--fa fa-star fa-w-18 fa-lg "
              color="gold"
              data-icon="star"
              data-prefix="fas"
              focusable="false"
              role="img"
              style={Object {}}
              viewBox="0 0 576 512"
              xmlns="http://www.w3.org/2000/svg"
            >
              <path
                d="M259.3 17.8L194 150.2 47.9 171.5c-26.2 3.8-36.7 36.1-17.7 54.6l105.7 103-25 145.5c-4.5 26.3 23.2 46 46.4 33.7L288 439.6l130.7 68.7c23.2 12.2 50.9-7.4 46.4-33.7l-25-145.5 105.7-103c19-18.5 8.5-50.8-17.7-54.6L382 150.2 316.7 17.8c-11.7-23.6-45.6-23.9-57.4 0z"
                fill="currentColor"
                style={Object {}}
              />
            </svg>
            <svg
              aria-hidden="true"
              className="svg-inline--fa fa-star fa-w-18 fa-lg "
              color="gold"
              data-icon="star"
              data-prefix="fas"
              focusable="false"
              role="img"
              style={Object {}}
              viewBox="0 0 576 512"
              xmlns="http://www.w3.org/2000/svg"
            >
              <path
                d="M259.3 17.8L194 150.2 47.9 171.5c-26.2 3.8-36.7 36.1-17.7 54.6l105.7 103-25 145.5c-4.5 26.3 23.2 46 46.4 33.7L288 439.6l130.7 68.7c23.2 12.2 50.9-7.4 46.4-33.7l-25-145.5 105.7-103c19-18.5 8.5-50.8-17.7-54.6L382 150.2 316.7 17.8c-11.7-23.6-45.6-23.9-57.4 0z"
                fill="currentColor"
                style={Object {}}
              />
            </svg>
            <svg
              aria-hidden="true"
              className="svg-inline--fa fa-star fa-w-18 fa-lg "
              color="gold"
              data-icon="star"
              data-prefix="fas"
              focusable="false"
              role="img"
              style={Object {}}
              viewBox="0 0 576 512"
              xmlns="http://www.w3.org/2000/svg"
            >
              <path
                d="M259.3 17.8L194 150.2 47.9 171.5c-26.2 3.8-36.7 36.1-17.7 54.6l105.7 103-25 145.5c-4.5 26.3 23.2 46 46.4 33.7L288 439.6l130.7 68.7c23.2 12.2 50.9-7.4 46.4-33.7l-25-145.5 105.7-103c19-18.5 8.5-50.8-17.7-54.6L382 150.2 316.7 17.8c-11.7-23.6-45.6-23.9-57.4 0z"
                fill="currentColor"
                style={Object {}}
              />
            </svg>
            <svg
              aria-hidden="true"
              className="svg-inline--fa fa-star fa-w-18 fa-lg "
              color="gold"
              data-icon="star"
              data-prefix="fas"
              focusable="false"
              role="img"
              style={Object {}}
              viewBox="0 0 576 512"
              xmlns="http://www.w3.org/2000/svg"
            >
              <path
                d="M259.3 17.8L194 150.2 47.9 171.5c-26.2 3.8-36.7 36.1-17.7 54.6l105.7 103-25 145.5c-4.5 26.3 23.2 46 46.4 33.7L288 439.6l130.7 68.7c23.2 12.2 50.9-7.4 46.4-33.7l-25-145.5 105.7-103c19-18.5 8.5-50.8-17.7-54.6L382 150.2 316.7 17.8c-11.7-23.6-45.6-23.9-57.4 0z"
                fill="currentColor"
                style={Object {}}
              />
            </svg>
          </div>
          <p
            className="text-grey text-xl"
          >
            — Louie-Mae B.
          </p>
        </div>
      </div>
    </div>
    <div
      className="text-grey w-full mx-auto py-4 lg:w-1/2 xl:w-1/2 2xl:w-1/2"
    >
      <div
        className="flex justify-between"
      >
        <svg
          aria-hidden="true"
          className="svg-inline--fa fa-quote-left fa-w-16 fa-lg "
          color="light-grey"
          data-icon="quote-left"
          data-prefix="fas"
          focusable="false"
          role="img"
          style={Object {}}
          viewBox="0 0 512 512"
          xmlns="http://www.w3.org/2000/svg"
        >
          <path
            d="M464 256h-80v-64c0-35.3 28.7-64 64-64h8c13.3 0 24-10.7 24-24V56c0-13.3-10.7-24-24-24h-8c-88.4 0-160 71.6-160 160v240c0 26.5 21.5 48 48 48h128c26.5 0 48-21.5 48-48V304c0-26.5-21.5-48-48-48zm-288 0H96v-64c0-35.3 28.7-64 64-64h8c13.3 0 24-10.7 24-24V56c0-13.3-10.7-24-24-24h-8C71.6 32 0 103.6 0 192v240c0 26.5 21.5 48 48 48h128c26.5 0 48-21.5 48-48V304c0-26.5-21.5-48-48-48z"
            fill="currentColor"
            style={Object {}}
          />
        </svg>
        <svg
          aria-hidden="true"
          className="svg-inline--fa fa-quote-right fa-w-16 fa-lg "
          color="light-grey"
          data-icon="quote-right"
          data-prefix="fas"
          focusable="false"
          role="img"
          style={Object {}}
          viewBox="0 0 512 512"
          xmlns="http://www.w3.org/2000/svg"
        >
          <path
            d="M464 32H336c-26.5 0-48 21.5-48 48v128c0 26.5 21.5 48 48 48h80v64c0 35.3-28.7 64-64 64h-8c-13.3 0-24 10.7-24 24v48c0 13.3 10.7 24 24 24h8c88.4 0 160-71.6 160-160V80c0-26.5-21.5-48-48-48zm-288 0H48C21.5 32 0 53.5 0 80v128c0 26.5 21.5 48 48 48h80v64c0 35.3-28.7 64-64 64h-8c-13.3 0-24 10.7-24 24v48c0 13.3 10.7 24 24 24h8c88.4 0 160-71.6 160-160V80c0-26.5-21.5-48-48-48z"
            fill="currentColor"
            style={Object {}}
          />
        </svg>
      </div>
      <div
        className="w-4/5 mx-auto"
      >
        <p
          className="text-grey text-xl text-center font-bold"
        >
          We go here on occasion and love it. Recently refurbed but still very small inside. Love their curry sauce and always friendly staff.
        </p>
        <div
          className="flex flex-col items-end"
        >
          <div
            className="restaurant-rating"
          >
            <svg
              aria-hidden="true"
              className="svg-inline--fa fa-star fa-w-18 fa-lg "
              color="gold"
              data-icon="star"
              data-prefix="fas"
              focusable="false"
              role="img"
              style={Object {}}
              viewBox="0 0 576 512"
              xmlns="http://www.w3.org/2000/svg"
            >
              <path
                d="M259.3 17.8L194 150.2 47.9 171.5c-26.2 3.8-36.7 36.1-17.7 54.6l105.7 103-25 145.5c-4.5 26.3 23.2 46 46.4 33.7L288 439.6l130.7 68.7c23.2 12.2 50.9-7.4 46.4-33.7l-25-145.5 105.7-103c19-18.5 8.5-50.8-17.7-54.6L382 150.2 316.7 17.8c-11.7-23.6-45.6-23.9-57.4 0z"
                fill="currentColor"
                style={Object {}}
              />
            </svg>
            <svg
              aria-hidden="true"
              className="svg-inline--fa fa-star fa-w-18 fa-lg "
              color="gold"
              data-icon="star"
              data-prefix="fas"
              focusable="false"
              role="img"
              style={Object {}}
              viewBox="0 0 576 512"
              xmlns="http://www.w3.org/2000/svg"
            >
              <path
                d="M259.3 17.8L194 150.2 47.9 171.5c-26.2 3.8-36.7 36.1-17.7 54.6l105.7 103-25 145.5c-4.5 26.3 23.2 46 46.4 33.7L288 439.6l130.7 68.7c23.2 12.2 50.9-7.4 46.4-33.7l-25-145.5 105.7-103c19-18.5 8.5-50.8-17.7-54.6L382 150.2 316.7 17.8c-11.7-23.6-45.6-23.9-57.4 0z"
                fill="currentColor"
                style={Object {}}
              />
            </svg>
            <svg
              aria-hidden="true"
              className="svg-inline--fa fa-star fa-w-18 fa-lg "
              color="gold"
              data-icon="star"
              data-prefix="fas"
              focusable="false"
              role="img"
              style={Object {}}
              viewBox="0 0 576 512"
              xmlns="http://www.w3.org/2000/svg"
            >
              <path
                d="M259.3 17.8L194 150.2 47.9 171.5c-26.2 3.8-36.7 36.1-17.7 54.6l105.7 103-25 145.5c-4.5 26.3 23.2 46 46.4 33.7L288 439.6l130.7 68.7c23.2 12.2 50.9-7.4 46.4-33.7l-25-145.5 105.7-103c19-18.5 8.5-50.8-17.7-54.6L382 150.2 316.7 17.8c-11.7-23.6-45.6-23.9-57.4 0z"
                fill="currentColor"
                style={Object {}}
              />
            </svg>
            <svg
              aria-hidden="true"
              className="svg-inline--fa fa-star fa-w-18 fa-lg "
              color="gold"
              data-icon="star"
              data-prefix="fas"
              focusable="false"
              role="img"
              style={Object {}}
              viewBox="0 0 576 512"
              xmlns="http://www.w3.org/2000/svg"
            >
              <path
                d="M259.3 17.8L194 150.2 47.9 171.5c-26.2 3.8-36.7 36.1-17.7 54.6l105.7 103-25 145.5c-4.5 26.3 23.2 46 46.4 33.7L288 439.6l130.7 68.7c23.2 12.2 50.9-7.4 46.4-33.7l-25-145.5 105.7-103c19-18.5 8.5-50.8-17.7-54.6L382 150.2 316.7 17.8c-11.7-23.6-45.6-23.9-57.4 0z"
                fill="currentColor"
                style={Object {}}
              />
            </svg>
            <svg
              aria-hidden="true"
              className="svg-inline--fa fa-star fa-w-18 fa-lg "
              color="gold"
              data-icon="star"
              data-prefix="fas"
              focusable="false"
              role="img"
              style={Object {}}
              viewBox="0 0 576 512"
              xmlns="http://www.w3.org/2000/svg"
            >
              <path
                d="M259.3 17.8L194 150.2 47.9 171.5c-26.2 3.8-36.7 36.1-17.7 54.6l105.7 103-25 145.5c-4.5 26.3 23.2 46 46.4 33.7L288 439.6l130.7 68.7c23.2 12.2 50.9-7.4 46.4-33.7l-25-145.5 105.7-103c19-18.5 8.5-50.8-17.7-54.6L382 150.2 316.7 17.8c-11.7-23.6-45.6-23.9-57.4 0z"
                fill="currentColor"
                style={Object {}}
              />
            </svg>
          </div>
          <p
            className="text-grey text-xl"
          >
            — jasondob1
          </p>
        </div>
      </div>
    </div>
  </div>,
]
`;
