// Jest Snapshot v1, https://goo.gl/fbAQLP

exports[`displays a list of businesses correctly 1`] = `
<div
  className="flex flex-col"
>
  <div
    className=" list-options flex flex-col items-center lg:justify-center lg:flex-row xl:justify-center xl:flex-row 2xl:justify-center 2xl:flex-row p-4  w-1/2 mx-auto"
  >
    <h2
      className="text-grey m-4"
    >
      Order by:
    </h2>
    <select
      className="appearance-none rounded-full w-full bg-white lg:w-1/2 xl:w-1/2 2xl:w-1/3 h-8"
      id="filter"
      name="filter"
      onChange={[Function]}
    >
      <option
        value="nearest"
      >
        Nearest to you
      </option>
      <option
        value="rating"
      >
        By rating
      </option>
    </select>
  </div>
  <div
    className="restaurant-card flex mx-auto my-4 w-full xl:w-4/5 2xl:w-4/5"
  >
    <div
      className="flex w-48 h-48 rounded-3xl overflow-hidden relative justify-center content-center "
    >
      <img
        alt="Apsley Chinese"
        className="w-auto h-full block object-cover transform scale-130"
        src="https://s3-media2.fl.yelpcdn.com/bphoto/Bi7qfNYABueKOvQZsdhF3g/o.jpg"
      />
    </div>
    <div
      className="flex flex-col w-full text-left self-center px-4 md:w-1/3 lg:w-1/3 xl:w-1/2 2xl:w-1/2 space-y-4"
    >
      <div
        className="pb-4"
      >
        <h2
          className="restaurant-name text-white text-xl"
        >
          Apsley Chinese
        </h2>
        <div
          className="restaurant-tag"
        >
          <span
            className="text-grey"
          >
            Fast Food
          </span>
        </div>
      </div>
      <div>
        <h2
          className=" restaurant-price text-grey"
        >
          No price rating available
        </h2>
        <div
          className="restaurant-rating"
        >
          <svg
            aria-hidden="true"
            className="svg-inline--fa fa-star fa-w-18 fa-lg "
            color="gold"
            data-icon="star"
            data-prefix="fas"
            focusable="false"
            role="img"
            style={Object {}}
            viewBox="0 0 576 512"
            xmlns="http://www.w3.org/2000/svg"
          >
            <path
              d="M259.3 17.8L194 150.2 47.9 171.5c-26.2 3.8-36.7 36.1-17.7 54.6l105.7 103-25 145.5c-4.5 26.3 23.2 46 46.4 33.7L288 439.6l130.7 68.7c23.2 12.2 50.9-7.4 46.4-33.7l-25-145.5 105.7-103c19-18.5 8.5-50.8-17.7-54.6L382 150.2 316.7 17.8c-11.7-23.6-45.6-23.9-57.4 0z"
              fill="currentColor"
              style={Object {}}
            />
          </svg>
          <svg
            aria-hidden="true"
            className="svg-inline--fa fa-star fa-w-18 fa-lg "
            color="gold"
            data-icon="star"
            data-prefix="fas"
            focusable="false"
            role="img"
            style={Object {}}
            viewBox="0 0 576 512"
            xmlns="http://www.w3.org/2000/svg"
          >
            <path
              d="M259.3 17.8L194 150.2 47.9 171.5c-26.2 3.8-36.7 36.1-17.7 54.6l105.7 103-25 145.5c-4.5 26.3 23.2 46 46.4 33.7L288 439.6l130.7 68.7c23.2 12.2 50.9-7.4 46.4-33.7l-25-145.5 105.7-103c19-18.5 8.5-50.8-17.7-54.6L382 150.2 316.7 17.8c-11.7-23.6-45.6-23.9-57.4 0z"
              fill="currentColor"
              style={Object {}}
            />
          </svg>
          <svg
            aria-hidden="true"
            className="svg-inline--fa fa-star fa-w-18 fa-lg "
            color="gold"
            data-icon="star"
            data-prefix="fas"
            focusable="false"
            role="img"
            style={Object {}}
            viewBox="0 0 576 512"
            xmlns="http://www.w3.org/2000/svg"
          >
            <path
              d="M259.3 17.8L194 150.2 47.9 171.5c-26.2 3.8-36.7 36.1-17.7 54.6l105.7 103-25 145.5c-4.5 26.3 23.2 46 46.4 33.7L288 439.6l130.7 68.7c23.2 12.2 50.9-7.4 46.4-33.7l-25-145.5 105.7-103c19-18.5 8.5-50.8-17.7-54.6L382 150.2 316.7 17.8c-11.7-23.6-45.6-23.9-57.4 0z"
              fill="currentColor"
              style={Object {}}
            />
          </svg>
          <svg
            aria-hidden="true"
            className="svg-inline--fa fa-star fa-w-18 fa-lg "
            color="gold"
            data-icon="star"
            data-prefix="fas"
            focusable="false"
            role="img"
            style={Object {}}
            viewBox="0 0 576 512"
            xmlns="http://www.w3.org/2000/svg"
          >
            <path
              d="M259.3 17.8L194 150.2 47.9 171.5c-26.2 3.8-36.7 36.1-17.7 54.6l105.7 103-25 145.5c-4.5 26.3 23.2 46 46.4 33.7L288 439.6l130.7 68.7c23.2 12.2 50.9-7.4 46.4-33.7l-25-145.5 105.7-103c19-18.5 8.5-50.8-17.7-54.6L382 150.2 316.7 17.8c-11.7-23.6-45.6-23.9-57.4 0z"
              fill="currentColor"
              style={Object {}}
            />
          </svg>
          <svg
            aria-hidden="true"
            className="svg-inline--fa fa-star fa-w-18 fa-lg "
            color="gold"
            data-icon="star"
            data-prefix="fas"
            focusable="false"
            role="img"
            style={Object {}}
            viewBox="0 0 576 512"
            xmlns="http://www.w3.org/2000/svg"
          >
            <path
              d="M259.3 17.8L194 150.2 47.9 171.5c-26.2 3.8-36.7 36.1-17.7 54.6l105.7 103-25 145.5c-4.5 26.3 23.2 46 46.4 33.7L288 439.6l130.7 68.7c23.2 12.2 50.9-7.4 46.4-33.7l-25-145.5 105.7-103c19-18.5 8.5-50.8-17.7-54.6L382 150.2 316.7 17.8c-11.7-23.6-45.6-23.9-57.4 0z"
              fill="currentColor"
              style={Object {}}
            />
          </svg>
        </div>
        <span
          className=" restaurant-address text-grey"
        >
          28 London Road, Hemel Hempstead HP3 9SB, United Kingdom
        </span>
      </div>
    </div>
    <div
      className="flex items-center justify-center w-1/2 lg:w-1/4 xl:w-1/4 2xl:w-1/4"
    >
      <button
        className="submit-button rounded py-2 px-8 bg-teal hover:bg-teal-hover active:bg-teal-click focus:outline-none"
        onClick={[Function]}
        type="button"
        value="OV4Lnl9UwUPi4W9tRwbqzA"
      >
        See restaurant
      </button>
    </div>
  </div>
  <div
    className="restaurant-card flex mx-auto my-4 w-full xl:w-4/5 2xl:w-4/5"
  >
    <div
      className="flex w-48 h-48 rounded-3xl overflow-hidden relative justify-center content-center "
    >
      <img
        alt="Apsley Fish & Chips"
        className="w-auto h-full block object-cover transform scale-130"
        src="https://www.westernheights.k12.ok.us/wp-content/uploads/2020/01/No-Photo-Available.jpg"
      />
    </div>
    <div
      className="flex flex-col w-full text-left self-center px-4 md:w-1/3 lg:w-1/3 xl:w-1/2 2xl:w-1/2 space-y-4"
    >
      <div
        className="pb-4"
      >
        <h2
          className="restaurant-name text-white text-xl"
        >
          Apsley Fish & Chips
        </h2>
        <div
          className="restaurant-tag"
        >
          <span
            className="text-grey"
          >
            Fish & Chips
          </span>
        </div>
      </div>
      <div>
        <h2
          className=" restaurant-price text-grey"
        >
          No price rating available
        </h2>
        <div
          className="restaurant-rating"
        >
          <svg
            aria-hidden="true"
            className="svg-inline--fa fa-star fa-w-18 fa-lg "
            color="gold"
            data-icon="star"
            data-prefix="fas"
            focusable="false"
            role="img"
            style={Object {}}
            viewBox="0 0 576 512"
            xmlns="http://www.w3.org/2000/svg"
          >
            <path
              d="M259.3 17.8L194 150.2 47.9 171.5c-26.2 3.8-36.7 36.1-17.7 54.6l105.7 103-25 145.5c-4.5 26.3 23.2 46 46.4 33.7L288 439.6l130.7 68.7c23.2 12.2 50.9-7.4 46.4-33.7l-25-145.5 105.7-103c19-18.5 8.5-50.8-17.7-54.6L382 150.2 316.7 17.8c-11.7-23.6-45.6-23.9-57.4 0z"
              fill="currentColor"
              style={Object {}}
            />
          </svg>
          <svg
            aria-hidden="true"
            className="svg-inline--fa fa-star fa-w-18 fa-lg "
            color="gold"
            data-icon="star"
            data-prefix="fas"
            focusable="false"
            role="img"
            style={Object {}}
            viewBox="0 0 576 512"
            xmlns="http://www.w3.org/2000/svg"
          >
            <path
              d="M259.3 17.8L194 150.2 47.9 171.5c-26.2 3.8-36.7 36.1-17.7 54.6l105.7 103-25 145.5c-4.5 26.3 23.2 46 46.4 33.7L288 439.6l130.7 68.7c23.2 12.2 50.9-7.4 46.4-33.7l-25-145.5 105.7-103c19-18.5 8.5-50.8-17.7-54.6L382 150.2 316.7 17.8c-11.7-23.6-45.6-23.9-57.4 0z"
              fill="currentColor"
              style={Object {}}
            />
          </svg>
          <svg
            aria-hidden="true"
            className="svg-inline--fa fa-star fa-w-18 fa-lg "
            color="gold"
            data-icon="star"
            data-prefix="fas"
            focusable="false"
            role="img"
            style={Object {}}
            viewBox="0 0 576 512"
            xmlns="http://www.w3.org/2000/svg"
          >
            <path
              d="M259.3 17.8L194 150.2 47.9 171.5c-26.2 3.8-36.7 36.1-17.7 54.6l105.7 103-25 145.5c-4.5 26.3 23.2 46 46.4 33.7L288 439.6l130.7 68.7c23.2 12.2 50.9-7.4 46.4-33.7l-25-145.5 105.7-103c19-18.5 8.5-50.8-17.7-54.6L382 150.2 316.7 17.8c-11.7-23.6-45.6-23.9-57.4 0z"
              fill="currentColor"
              style={Object {}}
            />
          </svg>
          <svg
            aria-hidden="true"
            className="svg-inline--fa fa-star fa-w-18 fa-lg "
            color="gold"
            data-icon="star"
            data-prefix="fas"
            focusable="false"
            role="img"
            style={Object {}}
            viewBox="0 0 576 512"
            xmlns="http://www.w3.org/2000/svg"
          >
            <path
              d="M259.3 17.8L194 150.2 47.9 171.5c-26.2 3.8-36.7 36.1-17.7 54.6l105.7 103-25 145.5c-4.5 26.3 23.2 46 46.4 33.7L288 439.6l130.7 68.7c23.2 12.2 50.9-7.4 46.4-33.7l-25-145.5 105.7-103c19-18.5 8.5-50.8-17.7-54.6L382 150.2 316.7 17.8c-11.7-23.6-45.6-23.9-57.4 0z"
              fill="currentColor"
              style={Object {}}
            />
          </svg>
        </div>
        <span
          className=" restaurant-address text-grey"
        >
          40 London Road, Hemel Hempstead HP3 9SB, United Kingdom
        </span>
      </div>
    </div>
    <div
      className="flex items-center justify-center w-1/2 lg:w-1/4 xl:w-1/4 2xl:w-1/4"
    >
      <button
        className="submit-button rounded py-2 px-8 bg-teal hover:bg-teal-hover active:bg-teal-click focus:outline-none"
        onClick={[Function]}
        type="button"
        value="HGkMlvRYIaP0NCqiN4_nFQ"
      >
        See restaurant
      </button>
    </div>
  </div>
  <div
    className="restaurant-card flex mx-auto my-4 w-full xl:w-4/5 2xl:w-4/5"
  >
    <div
      className="flex w-48 h-48 rounded-3xl overflow-hidden relative justify-center content-center "
    >
      <img
        alt="Bull Rodizio"
        className="w-auto h-full block object-cover transform scale-130"
        src="https://s3-media4.fl.yelpcdn.com/bphoto/v04pvvez9kgzYOSmD-lDSw/o.jpg"
      />
    </div>
    <div
      className="flex flex-col w-full text-left self-center px-4 md:w-1/3 lg:w-1/3 xl:w-1/2 2xl:w-1/2 space-y-4"
    >
      <div
        className="pb-4"
      >
        <h2
          className="restaurant-name text-white text-xl"
        >
          Bull Rodizio
        </h2>
        <div
          className="restaurant-tag"
        >
          <span
            className="text-grey"
          >
            Steakhouses
          </span>
          <span
            className="text-grey"
          >
            , Brazilian
          </span>
          <span
            className="text-grey"
          >
            , Cocktail Bars
          </span>
        </div>
      </div>
      <div>
        <h2
          className=" restaurant-price text-grey"
        >
          No price rating available
        </h2>
        <div
          className="restaurant-rating"
        >
          <svg
            aria-hidden="true"
            className="svg-inline--fa fa-star fa-w-18 fa-lg "
            color="gold"
            data-icon="star"
            data-prefix="fas"
            focusable="false"
            role="img"
            style={Object {}}
            viewBox="0 0 576 512"
            xmlns="http://www.w3.org/2000/svg"
          >
            <path
              d="M259.3 17.8L194 150.2 47.9 171.5c-26.2 3.8-36.7 36.1-17.7 54.6l105.7 103-25 145.5c-4.5 26.3 23.2 46 46.4 33.7L288 439.6l130.7 68.7c23.2 12.2 50.9-7.4 46.4-33.7l-25-145.5 105.7-103c19-18.5 8.5-50.8-17.7-54.6L382 150.2 316.7 17.8c-11.7-23.6-45.6-23.9-57.4 0z"
              fill="currentColor"
              style={Object {}}
            />
          </svg>
          <svg
            aria-hidden="true"
            className="svg-inline--fa fa-star fa-w-18 fa-lg "
            color="gold"
            data-icon="star"
            data-prefix="fas"
            focusable="false"
            role="img"
            style={Object {}}
            viewBox="0 0 576 512"
            xmlns="http://www.w3.org/2000/svg"
          >
            <path
              d="M259.3 17.8L194 150.2 47.9 171.5c-26.2 3.8-36.7 36.1-17.7 54.6l105.7 103-25 145.5c-4.5 26.3 23.2 46 46.4 33.7L288 439.6l130.7 68.7c23.2 12.2 50.9-7.4 46.4-33.7l-25-145.5 105.7-103c19-18.5 8.5-50.8-17.7-54.6L382 150.2 316.7 17.8c-11.7-23.6-45.6-23.9-57.4 0z"
              fill="currentColor"
              style={Object {}}
            />
          </svg>
          <svg
            aria-hidden="true"
            className="svg-inline--fa fa-star fa-w-18 fa-lg "
            color="gold"
            data-icon="star"
            data-prefix="fas"
            focusable="false"
            role="img"
            style={Object {}}
            viewBox="0 0 576 512"
            xmlns="http://www.w3.org/2000/svg"
          >
            <path
              d="M259.3 17.8L194 150.2 47.9 171.5c-26.2 3.8-36.7 36.1-17.7 54.6l105.7 103-25 145.5c-4.5 26.3 23.2 46 46.4 33.7L288 439.6l130.7 68.7c23.2 12.2 50.9-7.4 46.4-33.7l-25-145.5 105.7-103c19-18.5 8.5-50.8-17.7-54.6L382 150.2 316.7 17.8c-11.7-23.6-45.6-23.9-57.4 0z"
              fill="currentColor"
              style={Object {}}
            />
          </svg>
          <svg
            aria-hidden="true"
            className="svg-inline--fa fa-star fa-w-18 fa-lg "
            color="gold"
            data-icon="star"
            data-prefix="fas"
            focusable="false"
            role="img"
            style={Object {}}
            viewBox="0 0 576 512"
            xmlns="http://www.w3.org/2000/svg"
          >
            <path
              d="M259.3 17.8L194 150.2 47.9 171.5c-26.2 3.8-36.7 36.1-17.7 54.6l105.7 103-25 145.5c-4.5 26.3 23.2 46 46.4 33.7L288 439.6l130.7 68.7c23.2 12.2 50.9-7.4 46.4-33.7l-25-145.5 105.7-103c19-18.5 8.5-50.8-17.7-54.6L382 150.2 316.7 17.8c-11.7-23.6-45.6-23.9-57.4 0z"
              fill="currentColor"
              style={Object {}}
            />
          </svg>
          <svg
            aria-hidden="true"
            className="svg-inline--fa fa-star-half fa-w-18 fa-lg "
            color="gold"
            data-icon="star-half"
            data-prefix="fas"
            focusable="false"
            role="img"
            style={Object {}}
            viewBox="0 0 576 512"
            xmlns="http://www.w3.org/2000/svg"
          >
            <path
              d="M288 0c-11.4 0-22.8 5.9-28.7 17.8L194 150.2 47.9 171.4c-26.2 3.8-36.7 36.1-17.7 54.6l105.7 103-25 145.5c-4.5 26.1 23 46 46.4 33.7L288 439.6V0z"
              fill="currentColor"
              style={Object {}}
            />
          </svg>
        </div>
        <span
          className=" restaurant-address text-grey"
        >
          62 London Rd, Hemel Hempstead HP3, United Kingdom
        </span>
      </div>
    </div>
    <div
      className="flex items-center justify-center w-1/2 lg:w-1/4 xl:w-1/4 2xl:w-1/4"
    >
      <button
        className="submit-button rounded py-2 px-8 bg-teal hover:bg-teal-hover active:bg-teal-click focus:outline-none"
        onClick={[Function]}
        type="button"
        value="pNXAw1NcQEFTRylEI5rR_A"
      >
        See restaurant
      </button>
    </div>
  </div>
  <div
    className="restaurant-card flex mx-auto my-4 w-full xl:w-4/5 2xl:w-4/5"
  >
    <div
      className="flex w-48 h-48 rounded-3xl overflow-hidden relative justify-center content-center "
    >
      <img
        alt="Raja Tandoori"
        className="w-auto h-full block object-cover transform scale-130"
        src="https://s3-media3.fl.yelpcdn.com/bphoto/MyC_Qkx5GsR0m4rhukvh4g/o.jpg"
      />
    </div>
    <div
      className="flex flex-col w-full text-left self-center px-4 md:w-1/3 lg:w-1/3 xl:w-1/2 2xl:w-1/2 space-y-4"
    >
      <div
        className="pb-4"
      >
        <h2
          className="restaurant-name text-white text-xl"
        >
          Raja Tandoori
        </h2>
        <div
          className="restaurant-tag"
        >
          <span
            className="text-grey"
          >
            Indian
          </span>
          <span
            className="text-grey"
          >
            , Pakistani
          </span>
        </div>
      </div>
      <div>
        <h2
          className=" restaurant-price text-grey"
        >
          No price rating available
        </h2>
        <div
          className="restaurant-rating"
        >
          <svg
            aria-hidden="true"
            className="svg-inline--fa fa-star fa-w-18 fa-lg "
            color="gold"
            data-icon="star"
            data-prefix="fas"
            focusable="false"
            role="img"
            style={Object {}}
            viewBox="0 0 576 512"
            xmlns="http://www.w3.org/2000/svg"
          >
            <path
              d="M259.3 17.8L194 150.2 47.9 171.5c-26.2 3.8-36.7 36.1-17.7 54.6l105.7 103-25 145.5c-4.5 26.3 23.2 46 46.4 33.7L288 439.6l130.7 68.7c23.2 12.2 50.9-7.4 46.4-33.7l-25-145.5 105.7-103c19-18.5 8.5-50.8-17.7-54.6L382 150.2 316.7 17.8c-11.7-23.6-45.6-23.9-57.4 0z"
              fill="currentColor"
              style={Object {}}
            />
          </svg>
          <svg
            aria-hidden="true"
            className="svg-inline--fa fa-star fa-w-18 fa-lg "
            color="gold"
            data-icon="star"
            data-prefix="fas"
            focusable="false"
            role="img"
            style={Object {}}
            viewBox="0 0 576 512"
            xmlns="http://www.w3.org/2000/svg"
          >
            <path
              d="M259.3 17.8L194 150.2 47.9 171.5c-26.2 3.8-36.7 36.1-17.7 54.6l105.7 103-25 145.5c-4.5 26.3 23.2 46 46.4 33.7L288 439.6l130.7 68.7c23.2 12.2 50.9-7.4 46.4-33.7l-25-145.5 105.7-103c19-18.5 8.5-50.8-17.7-54.6L382 150.2 316.7 17.8c-11.7-23.6-45.6-23.9-57.4 0z"
              fill="currentColor"
              style={Object {}}
            />
          </svg>
          <svg
            aria-hidden="true"
            className="svg-inline--fa fa-star fa-w-18 fa-lg "
            color="gold"
            data-icon="star"
            data-prefix="fas"
            focusable="false"
            role="img"
            style={Object {}}
            viewBox="0 0 576 512"
            xmlns="http://www.w3.org/2000/svg"
          >
            <path
              d="M259.3 17.8L194 150.2 47.9 171.5c-26.2 3.8-36.7 36.1-17.7 54.6l105.7 103-25 145.5c-4.5 26.3 23.2 46 46.4 33.7L288 439.6l130.7 68.7c23.2 12.2 50.9-7.4 46.4-33.7l-25-145.5 105.7-103c19-18.5 8.5-50.8-17.7-54.6L382 150.2 316.7 17.8c-11.7-23.6-45.6-23.9-57.4 0z"
              fill="currentColor"
              style={Object {}}
            />
          </svg>
        </div>
        <span
          className=" restaurant-address text-grey"
        >
          84 London Road, Hemel Hempstead HP3 9SD, United Kingdom
        </span>
      </div>
    </div>
    <div
      className="flex items-center justify-center w-1/2 lg:w-1/4 xl:w-1/4 2xl:w-1/4"
    >
      <button
        className="submit-button rounded py-2 px-8 bg-teal hover:bg-teal-hover active:bg-teal-click focus:outline-none"
        onClick={[Function]}
        type="button"
        value="9UpIZckQmAAys9dHyttWHQ"
      >
        See restaurant
      </button>
    </div>
  </div>
  <div
    className="restaurant-card flex mx-auto my-4 w-full xl:w-4/5 2xl:w-4/5"
  >
    <div
      className="flex w-48 h-48 rounded-3xl overflow-hidden relative justify-center content-center "
    >
      <img
        alt="Efeler Kebabs"
        className="w-auto h-full block object-cover transform scale-130"
        src="https://www.westernheights.k12.ok.us/wp-content/uploads/2020/01/No-Photo-Available.jpg"
      />
    </div>
    <div
      className="flex flex-col w-full text-left self-center px-4 md:w-1/3 lg:w-1/3 xl:w-1/2 2xl:w-1/2 space-y-4"
    >
      <div
        className="pb-4"
      >
        <h2
          className="restaurant-name text-white text-xl"
        >
          Efeler Kebabs
        </h2>
        <div
          className="restaurant-tag"
        >
          <span
            className="text-grey"
          >
            Fast Food
          </span>
        </div>
      </div>
      <div>
        <h2
          className=" restaurant-price text-grey"
        >
          No price rating available
        </h2>
        <div
          className="restaurant-rating"
        >
          <svg
            aria-hidden="true"
            className="svg-inline--fa fa-star fa-w-18 fa-lg "
            color="gold"
            data-icon="star"
            data-prefix="fas"
            focusable="false"
            role="img"
            style={Object {}}
            viewBox="0 0 576 512"
            xmlns="http://www.w3.org/2000/svg"
          >
            <path
              d="M259.3 17.8L194 150.2 47.9 171.5c-26.2 3.8-36.7 36.1-17.7 54.6l105.7 103-25 145.5c-4.5 26.3 23.2 46 46.4 33.7L288 439.6l130.7 68.7c23.2 12.2 50.9-7.4 46.4-33.7l-25-145.5 105.7-103c19-18.5 8.5-50.8-17.7-54.6L382 150.2 316.7 17.8c-11.7-23.6-45.6-23.9-57.4 0z"
              fill="currentColor"
              style={Object {}}
            />
          </svg>
          <svg
            aria-hidden="true"
            className="svg-inline--fa fa-star fa-w-18 fa-lg "
            color="gold"
            data-icon="star"
            data-prefix="fas"
            focusable="false"
            role="img"
            style={Object {}}
            viewBox="0 0 576 512"
            xmlns="http://www.w3.org/2000/svg"
          >
            <path
              d="M259.3 17.8L194 150.2 47.9 171.5c-26.2 3.8-36.7 36.1-17.7 54.6l105.7 103-25 145.5c-4.5 26.3 23.2 46 46.4 33.7L288 439.6l130.7 68.7c23.2 12.2 50.9-7.4 46.4-33.7l-25-145.5 105.7-103c19-18.5 8.5-50.8-17.7-54.6L382 150.2 316.7 17.8c-11.7-23.6-45.6-23.9-57.4 0z"
              fill="currentColor"
              style={Object {}}
            />
          </svg>
          <svg
            aria-hidden="true"
            className="svg-inline--fa fa-star fa-w-18 fa-lg "
            color="gold"
            data-icon="star"
            data-prefix="fas"
            focusable="false"
            role="img"
            style={Object {}}
            viewBox="0 0 576 512"
            xmlns="http://www.w3.org/2000/svg"
          >
            <path
              d="M259.3 17.8L194 150.2 47.9 171.5c-26.2 3.8-36.7 36.1-17.7 54.6l105.7 103-25 145.5c-4.5 26.3 23.2 46 46.4 33.7L288 439.6l130.7 68.7c23.2 12.2 50.9-7.4 46.4-33.7l-25-145.5 105.7-103c19-18.5 8.5-50.8-17.7-54.6L382 150.2 316.7 17.8c-11.7-23.6-45.6-23.9-57.4 0z"
              fill="currentColor"
              style={Object {}}
            />
          </svg>
          <svg
            aria-hidden="true"
            className="svg-inline--fa fa-star fa-w-18 fa-lg "
            color="gold"
            data-icon="star"
            data-prefix="fas"
            focusable="false"
            role="img"
            style={Object {}}
            viewBox="0 0 576 512"
            xmlns="http://www.w3.org/2000/svg"
          >
            <path
              d="M259.3 17.8L194 150.2 47.9 171.5c-26.2 3.8-36.7 36.1-17.7 54.6l105.7 103-25 145.5c-4.5 26.3 23.2 46 46.4 33.7L288 439.6l130.7 68.7c23.2 12.2 50.9-7.4 46.4-33.7l-25-145.5 105.7-103c19-18.5 8.5-50.8-17.7-54.6L382 150.2 316.7 17.8c-11.7-23.6-45.6-23.9-57.4 0z"
              fill="currentColor"
              style={Object {}}
            />
          </svg>
          <svg
            aria-hidden="true"
            className="svg-inline--fa fa-star-half fa-w-18 fa-lg "
            color="gold"
            data-icon="star-half"
            data-prefix="fas"
            focusable="false"
            role="img"
            style={Object {}}
            viewBox="0 0 576 512"
            xmlns="http://www.w3.org/2000/svg"
          >
            <path
              d="M288 0c-11.4 0-22.8 5.9-28.7 17.8L194 150.2 47.9 171.4c-26.2 3.8-36.7 36.1-17.7 54.6l105.7 103-25 145.5c-4.5 26.1 23 46 46.4 33.7L288 439.6V0z"
              fill="currentColor"
              style={Object {}}
            />
          </svg>
        </div>
        <span
          className=" restaurant-address text-grey"
        >
          98 London Road, Hemel Hempstead HP3 9SD, United Kingdom
        </span>
      </div>
    </div>
    <div
      className="flex items-center justify-center w-1/2 lg:w-1/4 xl:w-1/4 2xl:w-1/4"
    >
      <button
        className="submit-button rounded py-2 px-8 bg-teal hover:bg-teal-hover active:bg-teal-click focus:outline-none"
        onClick={[Function]}
        type="button"
        value="BoOlYngEdTL4Gw_66ikCMw"
      >
        See restaurant
      </button>
    </div>
  </div>
  <div
    className="restaurant-card flex mx-auto my-4 w-full xl:w-4/5 2xl:w-4/5"
  >
    <div
      className="flex w-48 h-48 rounded-3xl overflow-hidden relative justify-center content-center "
    >
      <img
        alt="McDonald's"
        className="w-auto h-full block object-cover transform scale-130"
        src="https://www.westernheights.k12.ok.us/wp-content/uploads/2020/01/No-Photo-Available.jpg"
      />
    </div>
    <div
      className="flex flex-col w-full text-left self-center px-4 md:w-1/3 lg:w-1/3 xl:w-1/2 2xl:w-1/2 space-y-4"
    >
      <div
        className="pb-4"
      >
        <h2
          className="restaurant-name text-white text-xl"
        >
          McDonald's
        </h2>
        <div
          className="restaurant-tag"
        >
          <span
            className="text-grey"
          >
            Burgers
          </span>
          <span
            className="text-grey"
          >
            , Fast Food
          </span>
        </div>
      </div>
      <div>
        <h2
          className=" restaurant-price text-grey"
        >
          No price rating available
        </h2>
        <div
          className="restaurant-rating"
        >
          <svg
            aria-hidden="true"
            className="svg-inline--fa fa-star fa-w-18 fa-lg "
            color="gold"
            data-icon="star"
            data-prefix="fas"
            focusable="false"
            role="img"
            style={Object {}}
            viewBox="0 0 576 512"
            xmlns="http://www.w3.org/2000/svg"
          >
            <path
              d="M259.3 17.8L194 150.2 47.9 171.5c-26.2 3.8-36.7 36.1-17.7 54.6l105.7 103-25 145.5c-4.5 26.3 23.2 46 46.4 33.7L288 439.6l130.7 68.7c23.2 12.2 50.9-7.4 46.4-33.7l-25-145.5 105.7-103c19-18.5 8.5-50.8-17.7-54.6L382 150.2 316.7 17.8c-11.7-23.6-45.6-23.9-57.4 0z"
              fill="currentColor"
              style={Object {}}
            />
          </svg>
        </div>
        <span
          className=" restaurant-address text-grey"
        >
          The Bell, 241 London Road, Apsley, Hemel Hempstead HP3 9SE, United Kingdom
        </span>
      </div>
    </div>
    <div
      className="flex items-center justify-center w-1/2 lg:w-1/4 xl:w-1/4 2xl:w-1/4"
    >
      <button
        className="submit-button rounded py-2 px-8 bg-teal hover:bg-teal-hover active:bg-teal-click focus:outline-none"
        onClick={[Function]}
        type="button"
        value="tseC8EwTL7HyxtXc3IdICw"
      >
        See restaurant
      </button>
    </div>
  </div>
  <div
    className="restaurant-card flex mx-auto my-4 w-full xl:w-4/5 2xl:w-4/5"
  >
    <div
      className="flex w-48 h-48 rounded-3xl overflow-hidden relative justify-center content-center "
    >
      <img
        alt="The Paper Mill"
        className="w-auto h-full block object-cover transform scale-130"
        src="https://s3-media4.fl.yelpcdn.com/bphoto/oCfi6ypRg6inFjsZQwqyIg/o.jpg"
      />
    </div>
    <div
      className="flex flex-col w-full text-left self-center px-4 md:w-1/3 lg:w-1/3 xl:w-1/2 2xl:w-1/2 space-y-4"
    >
      <div
        className="pb-4"
      >
        <h2
          className="restaurant-name text-white text-xl"
        >
          The Paper Mill
        </h2>
        <div
          className="restaurant-tag"
        >
          <span
            className="text-grey"
          >
            British
          </span>
          <span
            className="text-grey"
          >
            , Pubs
          </span>
        </div>
      </div>
      <div>
        <h2
          className=" restaurant-price text-grey"
        >
          ££
        </h2>
        <div
          className="restaurant-rating"
        >
          <svg
            aria-hidden="true"
            className="svg-inline--fa fa-star fa-w-18 fa-lg "
            color="gold"
            data-icon="star"
            data-prefix="fas"
            focusable="false"
            role="img"
            style={Object {}}
            viewBox="0 0 576 512"
            xmlns="http://www.w3.org/2000/svg"
          >
            <path
              d="M259.3 17.8L194 150.2 47.9 171.5c-26.2 3.8-36.7 36.1-17.7 54.6l105.7 103-25 145.5c-4.5 26.3 23.2 46 46.4 33.7L288 439.6l130.7 68.7c23.2 12.2 50.9-7.4 46.4-33.7l-25-145.5 105.7-103c19-18.5 8.5-50.8-17.7-54.6L382 150.2 316.7 17.8c-11.7-23.6-45.6-23.9-57.4 0z"
              fill="currentColor"
              style={Object {}}
            />
          </svg>
          <svg
            aria-hidden="true"
            className="svg-inline--fa fa-star fa-w-18 fa-lg "
            color="gold"
            data-icon="star"
            data-prefix="fas"
            focusable="false"
            role="img"
            style={Object {}}
            viewBox="0 0 576 512"
            xmlns="http://www.w3.org/2000/svg"
          >
            <path
              d="M259.3 17.8L194 150.2 47.9 171.5c-26.2 3.8-36.7 36.1-17.7 54.6l105.7 103-25 145.5c-4.5 26.3 23.2 46 46.4 33.7L288 439.6l130.7 68.7c23.2 12.2 50.9-7.4 46.4-33.7l-25-145.5 105.7-103c19-18.5 8.5-50.8-17.7-54.6L382 150.2 316.7 17.8c-11.7-23.6-45.6-23.9-57.4 0z"
              fill="currentColor"
              style={Object {}}
            />
          </svg>
          <svg
            aria-hidden="true"
            className="svg-inline--fa fa-star fa-w-18 fa-lg "
            color="gold"
            data-icon="star"
            data-prefix="fas"
            focusable="false"
            role="img"
            style={Object {}}
            viewBox="0 0 576 512"
            xmlns="http://www.w3.org/2000/svg"
          >
            <path
              d="M259.3 17.8L194 150.2 47.9 171.5c-26.2 3.8-36.7 36.1-17.7 54.6l105.7 103-25 145.5c-4.5 26.3 23.2 46 46.4 33.7L288 439.6l130.7 68.7c23.2 12.2 50.9-7.4 46.4-33.7l-25-145.5 105.7-103c19-18.5 8.5-50.8-17.7-54.6L382 150.2 316.7 17.8c-11.7-23.6-45.6-23.9-57.4 0z"
              fill="currentColor"
              style={Object {}}
            />
          </svg>
          <svg
            aria-hidden="true"
            className="svg-inline--fa fa-star-half fa-w-18 fa-lg "
            color="gold"
            data-icon="star-half"
            data-prefix="fas"
            focusable="false"
            role="img"
            style={Object {}}
            viewBox="0 0 576 512"
            xmlns="http://www.w3.org/2000/svg"
          >
            <path
              d="M288 0c-11.4 0-22.8 5.9-28.7 17.8L194 150.2 47.9 171.4c-26.2 3.8-36.7 36.1-17.7 54.6l105.7 103-25 145.5c-4.5 26.1 23 46 46.4 33.7L288 439.6V0z"
              fill="currentColor"
              style={Object {}}
            />
          </svg>
        </div>
        <span
          className=" restaurant-address text-grey"
        >
          Stationers Place, Apsley, Hemel Hempstead HP3 9RH, United Kingdom
        </span>
      </div>
    </div>
    <div
      className="flex items-center justify-center w-1/2 lg:w-1/4 xl:w-1/4 2xl:w-1/4"
    >
      <button
        className="submit-button rounded py-2 px-8 bg-teal hover:bg-teal-hover active:bg-teal-click focus:outline-none"
        onClick={[Function]}
        type="button"
        value="9T9VDBHBMPR_voBN2STiDg"
      >
        See restaurant
      </button>
    </div>
  </div>
</div>
`;
