// Jest Snapshot v1, https://goo.gl/fbAQLP

exports[`displays the user input correctly 1`] = `
Array [
  <h2
    className="text-grey"
  >
    Restaurants near 
    W13 3RH
  </h2>,
  <div
    className="flex flex-col"
  >
    <div
      className=" list-options flex flex-col items-center lg:justify-center lg:flex-row xl:justify-center xl:flex-row 2xl:justify-center 2xl:flex-row p-4  w-1/2 mx-auto"
    >
      <h2
        className="text-grey m-4"
      >
        Order by:
      </h2>
      <select
        className="appearance-none rounded-full w-full bg-white lg:w-1/2 xl:w-1/2 2xl:w-1/3 h-8"
        id="filter"
        name="filter"
        onChange={[Function]}
      >
        <option
          value="nearest"
        >
          Nearest to you
        </option>
        <option
          value="rating"
        >
          By rating
        </option>
      </select>
    </div>
  </div>,
]
`;
