// Jest Snapshot v1, https://goo.gl/fbAQLP

exports[`displays the cuisine images correctly 1`] = `
<div
  className="w-60 h-60 bg-grey rounded-3xl text-black m-4"
>
  image
</div>
`;
