// Jest Snapshot v1, https://goo.gl/fbAQLP

exports[`displays the dropdown menu 1`] = `
<div
  className="flex justify-center p-4 items-center w-1/2 mx-auto"
>
  <h2
    className="text-grey m-4"
  >
    Order by:
  </h2>
  <select
    className="rounded-full w-1/3 h-8"
    id="filter"
    name="filter"
    onChange={[Function]}
  >
    <option
      value="nearest"
    >
      Nearest to you
    </option>
    <option
      value="rating"
    >
      By rating
    </option>
  </select>
</div>
`;
