// Jest Snapshot v1, https://goo.gl/fbAQLP

exports[`displays the Header correctly 1`] = `
<h1
  className="text-5xl text-grey py-6"
>
  Rstrnt Findr-r
</h1>
`;
