// Jest Snapshot v1, https://goo.gl/fbAQLP

exports[`displays Loading... 1`] = `
<h1
  className="text-grey"
>
  Loading...
</h1>
`;
