// Jest Snapshot v1, https://goo.gl/fbAQLP

exports[`displays the Restaurant tags correctly 1`] = `
<div>
  <span
    className="text-grey"
  >
    Cafe
     
  </span>
</div>
`;
