// Jest Snapshot v1, https://goo.gl/fbAQLP

exports[`displays the Restaurant name correctly 1`] = `
<h2
  className="restaurant-name text-white text-xl"
>
  name
</h2>
`;
