// Jest Snapshot v1, https://goo.gl/fbAQLP

exports[`displays the Restaurants Near Header correctly 1`] = `
<h2
  className="text-grey"
>
  Restaurants near 
  W13 34H
</h2>
`;
