// Jest Snapshot v1, https://goo.gl/fbAQLP

exports[`displays the Restaurants Price rating correctly 1`] = `
<h2
  className=" restaurant-price text-grey"
>
  Â£
</h2>
`;
